1 1 13.0253 ref 13.5984 TS 13.3452  t=2s
2 2 24.3034 ref 24.5874 TS 24.5598  t=3s
2 1 52.8364 ref 54.4178 TS 53.5827  t=3s
3 3 5.4733 ref 5.3917 TS 5.5847  t=3s
3 2 74.5800 ref 75.6401 TS 75.2052  t=3s
3 1 119.7860 ref 122.4544 TS 120.9585  t=3s
4 4 9.0259 ref 9.3227 TS 9.0520  t=3s
4 3 18.2538 ref 18.2111 TS 18.4505  t=3s
4 2 151.9354 ref 153.8962 TS 152.9406  t=3s
4 1 213.9134 ref 217.7186 TS 215.5120  t=3s
5 5 8.5808 ref 8.2980 TS 8.4800  t=4s
5 4 24.5531 ref 25.1548 TS 24.6410  t=4s
5 3 37.9000 ref 37.9306 TS 38.1752  t=4s
5 2 256.4289 ref 259.3744 TS 257.8220  t=4s
5 1 335.2327 ref 340.2260 TS 337.2571  t=5s
6 6 11.7721 ref 11.2603 TS 11.6526  t=5s
6 5 24.6892 ref 24.3831 TS 24.6118  t=5s
6 4 46.9483 ref 47.8878 TS 47.0962  t=5s
6 3 64.3639 ref 64.4935 TS 64.7157  t=6s
6 2 388.0873 ref 392.0906 TS 389.8738  t=6s
6 1 483.7506 ref 489.9932 TS 486.2006  t=6s
7 7 15.0041 ref 14.5341 TS 14.8738  t=6s
7 6 30.1749 ref 29.6013 TS 30.0730  t=6s
7 5 47.7638 ref 47.4453 TS 47.7023  t=7s
7 4 76.1649 ref 77.4735 TS 76.3735  t=7s
7 3 97.6339 ref 97.8901 TS 98.0615  t=7s
7 2 546.9250 ref 552.0674 TS 549.1089  t=7s
7 1 659.4706 ref 667.0461 TS 662.3462  t=7s
8 8 13.8965 ref 13.6181 TS 13.7895  t=8s
8 7 35.5736 ref 35.1211 TS 35.4593  t=8s
8 6 55.5678 ref 54.9355 TS 55.4758  t=8s
8 5 77.7156 ref 77.4135 TS 77.6679  t=8s
8 4 112.1886 ref 113.8990 TS 112.4589  t=8s
8 3 137.7064 ref 138.1189 TS 138.2093  t=8s
8 2 732.9503 ref 739.3270 TS 735.5349  t=9s
8 1 862.3953 ref 871.4099 TS 865.6962  t=9s
9 9 18.0620 ref 17.4228 TS 17.9330  t=9s
9 8 35.1599 ref 34.9708 TS 35.0813  t=9s
9 7 63.1565 ref 62.7080 TS 63.0506  t=9s
9 6 87.8571 ref 87.1750 TS 87.7729  t=10s
9 5 114.5099 ref 114.2490 TS 114.4753  t=10s
9 4 155.0142 ref 157.1631 TS 155.3470  t=10s
9 3 184.5801 ref 185.1868 TS 185.1582  t=10s
9 2 946.1690 ref 953.8983 TS 949.1567  t=10s
9 1 1092.5259 ref 1103.1175 TS 1096.2523  t=10s
10 10 22.1873 ref 21.5645 TS 22.0448  t=11s
10 9 41.5871 ref 40.9630 TS 41.4812  t=11s
10 8 63.5061 ref 63.4233 TS 63.4454  t=11s
10 7 97.6537 ref 97.1900 TS 97.5538  t=11s
10 6 127.0035 ref 126.2470 TS 126.9262  t=11s
10 5 158.1302 ref 157.9340 TS 158.1082  t=12s
10 4 204.6396 ref 207.2710 TS 205.0360  t=12s
10 3 238.2547 ref 239.0970 TS 238.9078  t=12s
10 2 1186.5848 ref 1195.8082 TS 1189.9776  t=12s
10 1 1349.8637 ref 1362.1993 TS 1354.0154  t=12s
11 11 5.3684 ref 5.1391 TS 5.4356  t=12s
11 10 47.8369 ref 47.2864 TS 47.7163  t=13s
11 9 72.2257 ref 71.6200 TS 72.1325  t=13s
11 8 98.8019 ref 98.9360 TS 98.7558  t=13s
11 7 139.0217 ref 138.4040 TS 138.9267  t=13s
11 6 172.9871 ref 172.2300 TS 172.9160  t=14s
11 5 208.5678 ref 208.5040 TS 208.5580  t=14s
11 4 261.0643 ref 264.1920 TS 261.5249  t=14s
11 3 298.7302 ref 299.8560 TS 299.4582  t=14s
11 2 1454.2003 ref 1465.0992 TS 1458.0000  t=14s
11 1 1634.4094 ref 1648.7023 TS 1638.9863  t=14s
12 12 7.7209 ref 7.6462 TS 7.7258  t=15s
12 11 15.3515 ref 15.0353 TS 15.4590  t=15s
12 10 80.6337 ref 80.1436 TS 80.5243  t=15s
12 9 109.8364 ref 109.2654 TS 109.7524  t=15s
12 8 140.9899 ref 141.3300 TS 140.9572  t=15s
12 7 187.2372 ref 186.7600 TS 187.1466  t=16s
12 6 225.7965 ref 225.0200 TS 225.7313  t=16s
12 5 265.8174 ref 265.9240 TS 265.8198  t=16s
12 4 324.2880 ref 327.9900 TS 324.8137  t=16s
12 3 366.0066 ref 367.4890 TS 366.8095  t=16s
12 2 1749.0176 ref 1761.8049 TS 1753.2255  t=16s
12 1 1946.1636 ref 1962.6639 TS 1951.1657  t=16s
13 13 6.0018 ref 5.9858 TS 5.9554  t=17s
13 12 18.8927 ref 18.8285 TS 18.9281  t=18s
13 11 28.8193 ref 28.4476 TS 28.9563  t=18s
13 10 120.4266 ref 119.9924 TS 120.3248  t=18s
13 9 154.3558 ref 153.8252 TS 154.2795  t=18s
13 8 190.0399 ref 190.4900 TS 190.0199  t=18s
13 7 242.2867 ref 241.7600 TS 242.2000  t=19s
13 6 285.4245 ref 284.6400 TS 285.3651  t=19s
13 5 329.8760 ref 330.2100 TS 329.8903  t=19s
13 4 394.3110 ref 398.6500 TS 394.9023  t=19s
13 3 440.0840 ref 442.0050 TS 440.9619  t=19s
13 2 2071.0383 ref 2085.9769 TS 2075.6556  t=19s
13 1 2285.1266 ref 2304.1404 TS 2290.5540  t=20s
14 14 8.2769 ref 8.1517 TS 8.2223  t=20s
14 13 16.3453 ref 16.3458 TS 16.3159  t=20s
14 12 33.5224 ref 33.4930 TS 33.5813  t=21s
14 11 45.5443 ref 45.1418 TS 45.7074  t=21s
14 10 167.1454 ref 166.7670 TS 167.0495  t=21s
14 9 205.7497 ref 205.2790 TS 205.6802  t=21s
14 8 245.9340 ref 246.5700 TS 245.9263  t=22s
14 7 304.1612 ref 303.5900 TS 304.0783  t=22s
14 6 351.8668 ref 351.2800 TS 351.8129  t=22s
14 5 400.7415 ref 401.3800 TS 400.7677  t=22s
14 4 471.1334 ref 476.2730 TS 471.7908  t=22s
14 3 520.9627 ref 523.4150 TS 521.9154  t=22s
14 2 2420.2634 ref 2437.6581 TS 2425.2911  t=22s
14 1 2651.2989 ref 2673.1780 TS 2657.1515  t=22s
15 15 10.5401 ref 10.4867 TS 10.4826  t=23s
15 14 19.8795 ref 19.7695 TS 19.8387  t=23s
15 13 30.1900 ref 30.2026 TS 30.1692  t=24s
15 12 51.4146 ref 51.4439 TS 51.4946  t=24s
15 11 65.4340 ref 65.0251 TS 65.6218  t=24s
15 10 220.7516 ref 220.4300 TS 220.6607  t=24s
15 9 263.9974 ref 263.5700 TS 263.9342  t=25s
15 8 308.6608 ref 309.6000 TS 308.6651  t=25s
15 7 372.8552 ref 372.3100 TS 372.7758  t=25s
15 6 425.1202 ref 424.4000 TS 425.0718  t=25s
15 5 478.4126 ref 479.4400 TS 478.4507  t=25s
15 4 554.7554 ref 560.6200 TS 555.4795  t=26s
15 3 608.6428 ref 611.7410 TS 609.6703  t=26s
15 2 2796.6939 ref 2816.9087 TS 2802.1331  t=26s
15 1 3044.6808 ref 3069.8421 TS 3050.9585  t=26s
16 16 10.5419 ref 10.3600 TS 10.4939  t=27s
16 15 23.3499 ref 23.3379 TS 23.3045  t=27s
16 14 34.9453 ref 34.8600 TS 34.9115  t=27s
16 13 47.3336 ref 47.2220 TS 47.3189  t=28s
16 12 72.4802 ref 72.5945 TS 72.5802  t=28s
16 11 88.4412 ref 88.0529 TS 88.6527  t=28s
16 10 281.2217 ref 280.9540 TS 281.1352  t=28s
16 9 329.0856 ref 328.7940 TS 329.0284  t=29s
16 8 378.2127 ref 379.8400 TS 378.2289  t=29s
16 7 448.3646 ref 447.7000 TS 448.2886  t=29s
16 6 505.1827 ref 504.5500 TS 505.1397  t=29s
16 5 562.8885 ref 564.4100 TS 562.9383  t=30s
16 4 645.1774 ref 651.9600 TS 645.9686  t=30s
16 3 703.1243 ref 706.9940 TS 704.2267  t=30s
16 2 3200.3307 ref 3223.7806 TS 3206.1820  t=30s
16 1 3465.2724 ref 3494.1885 TS 3471.9753  t=30s
17 17 13.2493 ref 12.9676 TS 13.1942  t=31s
17 16 23.9596 ref 23.8136 TS 23.9271  t=31s
17 15 39.5966 ref 39.8000 TS 39.5574  t=32s
17 14 53.2996 ref 53.2400 TS 53.2705  t=32s
17 13 67.6791 ref 67.6800 TS 67.6694  t=33s
17 12 96.6709 ref 96.9400 TS 96.7903  t=33s
17 11 114.5380 ref 114.2013 TS 114.7728  t=34s
17 10 348.5404 ref 348.3060 TS 348.4579  t=34s
17 9 401.0053 ref 400.8510 TS 400.9539  t=34s
17 8 454.5845 ref 456.7000 TS 454.6125  t=35s
17 7 530.6866 ref 530.0000 TS 530.6140  t=35s
17 6 592.0529 ref 591.5800 TS 592.0151  t=35s
17 5 654.1684 ref 656.3000 TS 654.2300  t=35s
17 4 742.3995 ref 750.2300 TS 743.2581  t=36s
17 3 804.4075 ref 809.1980 TS 805.5846  t=36s
17 2 3631.1742 ref 3658.3437 TS 3637.4384  t=36s
17 1 3913.0740 ref 3946.2918 TS 3920.2020  t=36s
18 18 15.9392 ref 15.7596 TS 15.8799  t=37s
18 17 27.8874 ref 27.6297 TS 27.8456  t=37s
18 16 40.8379 ref 40.7350 TS 40.8144  t=38s
18 15 59.1245 ref 59.5800 TS 59.0894  t=38s
18 14 74.8541 ref 74.8400 TS 74.8285  t=39s
18 13 91.1719 ref 91.2900 TS 91.1666  t=39s
18 12 123.9577 ref 124.4100 TS 124.0963  t=39s
18 11 143.7071 ref 143.4567 TS 143.9648  t=40s
18 10 422.6971 ref 422.6000 TS 422.6184  t=40s
18 9 479.7502 ref 479.7600 TS 479.7044  t=40s
18 8 537.7724 ref 540.4000 TS 537.8120  t=40s
18 7 619.8191 ref 619.0000 TS 619.7497  t=41s
18 6 685.7295 ref 685.5000 TS 685.6970  t=41s
18 5 752.2520 ref 755.1300 TS 752.3253  t=41s
18 4 846.4219 ref 855.5000 TS 847.3484  t=41s
18 3 912.4923 ref 918.3750 TS 913.7443  t=41s
18 2 4089.2251 ref 4120.6656 TS 4095.9027  t=41s
18 1 4388.0857 ref 4426.2241 TS 4395.6388  t=41s
19 19 4.5314 ref 4.3407 TS 4.5725  t=43s
20 20 6.2109 ref 6.1132 TS 6.2081  t=44s
21 21 6.6016 ref 6.5615 TS 6.5977  t=45s
22 22 6.8777 ref 6.8281 TS 6.8732  t=46s
23 23 5.9421 ref 6.7462 TS 7.1001  t=48s
24 24 7.4620 ref 6.7665 TS 7.4461  t=50s
25 25 7.4877 ref 7.4340 TS 7.4835  t=52s
26 26 8.0422 ref 7.9025 TS 8.0338  t=55s
27 27 7.3703 ref 7.8810 TS 8.5032  t=58s
28 28 6.6686 ref 7.6399 TS 8.9215  t=62s
29 29 8.3870 ref 7.7264 TS 8.3688  t=65s
30 30 9.6862 ref 9.3942 TS 9.6653  t=68s
31 31 6.0623 ref 5.9993 TS 6.0130  t=70s
32 32 8.0688 ref 7.8994 TS 8.0168  t=72s
33 33 9.9817 ref 9.7886 TS 9.9308  t=74s
34 34 9.9268 ref 9.7524 TS 9.8844  t=76s
35 35 12.1339 ref 11.8138 TS 12.0887  t=78s
36 36 14.2700 ref 13.9996 TS 14.2233  t=80s
37 37 4.3297 ref 4.1771 TS 4.3616  t=85s
38 38 5.7786 ref 5.6949 TS 5.7740  t=89s
39 39 6.9010 ref 6.2173 TS 6.8153  t=92s
40 40 6.5329 ref 6.6341 TS 6.5244  t=95s
41 41 7.0390 ref 6.7588 TS 7.0224  t=99s
42 42 7.3017 ref 7.0924 TS 7.2836  t=102s
43 43 7.0409 ref 7.1194 TS 7.0322  t=107s
44 44 7.5439 ref 7.3605 TS 7.5255  t=111s
45 45 7.5984 ref 7.4589 TS 7.5802  t=115s
46 46 9.3762 ref 8.3368 TS 9.2749  t=119s
47 47 7.6635 ref 7.5762 TS 7.6455  t=123s
48 48 8.8546 ref 8.9938 TS 8.8331  t=126s
49 49 5.7783 ref 5.7864 TS 5.7401  t=130s
50 50 7.4898 ref 7.3439 TS 7.4497  t=134s
51 51 9.0902 ref 8.6084 TS 9.0511  t=139s
52 52 9.0669 ref 9.0098 TS 9.0340  t=142s
53 53 10.8564 ref 10.4512 TS 10.8221  t=147s
54 54 12.5699 ref 12.1298 TS 12.5349  t=150s
